// Jest Snapshot v1, https://goo.gl/fbAQLP

exports[`objectTypeProperty.js 1`] = `
/* @flow */

declare var BAZ: {stuff?: (x: number) => void} | void;

declare class Foo<T> {
  constructor(): void;
  foo: () => void;
}

let x: { x?: number }

type T = {
  get goodGetterWithAnnotation(): number,
  set goodSetterWithAnnotation(x: number): void,

  get  getterWithMultipleSpacesPrecedingName(): number,
  set  setterWithMultipleSpacesPrecedingName(x: number): void,
}
~~~~~~~~~~~~~~~~~~~~~~~~~~~~~~~~~~~~~~~~~~~~~~~~~~~~~~~~~~~~~~~~~~~~~~~~~~~~~~~~
/* @flow */

declare var BAZ: { stuff?: (x: number) => void } | void;

declare class Foo<T> {
  constructor(): void,
  foo: () => void
}

let x: { x?: number };

type T = {
  get goodGetterWithAnnotation(): number,
  set goodSetterWithAnnotation(x: number): void,

  get getterWithMultipleSpacesPrecedingName(): number,
  set setterWithMultipleSpacesPrecedingName(x: number): void
};

`;
