// Jest Snapshot v1, https://goo.gl/fbAQLP

exports[`indent.js 1`] = `
\`
Mixed tabs and characters:
\${() => {a}}
.	\${() => {a}}
..	\${() => {a}}
...	\${() => {a}}
....	\${() => {a}}
.....	\${() => {a}}
......	\${() => {a}}
.......	\${() => {a}}
........	\${() => {a}}

Tabs:
	\${() => {a}}
		\${() => {a}}
\`
~~~~~~~~~~~~~~~~~~~~~~~~~~~~~~~~~~~~~~~~~~~~~~~~~~~~~~~~~~~~~~~~~~~~~~~~~~~~~~~~
\`
Mixed tabs and characters:
\${() => {
  a;
}}
.	\${() => {
    a;
  }}
..	\${() => {
      a;
    }}
...	\${() => {
      a;
    }}
....	\${() => {
        a;
      }}
.....	\${() => {
        a;
      }}
......	\${() => {
          a;
        }}
.......	\${() => {
          a;
        }}
........	\${() => {
            a;
          }}

Tabs:
	\${() => {
    a;
  }}
		\${() => {
      a;
    }}
\`;

`;

exports[`indent.js 2`] = `
\`
Mixed tabs and characters:
\${() => {a}}
.	\${() => {a}}
..	\${() => {a}}
...	\${() => {a}}
....	\${() => {a}}
.....	\${() => {a}}
......	\${() => {a}}
.......	\${() => {a}}
........	\${() => {a}}

Tabs:
	\${() => {a}}
		\${() => {a}}
\`
~~~~~~~~~~~~~~~~~~~~~~~~~~~~~~~~~~~~~~~~~~~~~~~~~~~~~~~~~~~~~~~~~~~~~~~~~~~~~~~~
\`
Mixed tabs and characters:
\${() => {
	a;
}}
.	\${() => {
		a;
	}}
..	\${() => {
		a;
	}}
...	\${() => {
		a;
	}}
....	\${() => {
		a;
	}}
.....	\${() => {
		a;
	}}
......	\${() => {
		a;
	}}
.......	\${() => {
		a;
	}}
........	\${() => {
			a;
		}}

Tabs:
	\${() => {
		a;
	}}
		\${() => {
			a;
		}}
\`;

`;
